=== fixed experiment settings ===
device=cpu
output_dir=D:\positron\NFlow\results\p6_bounded_transport
n=240
p=6
H_fit=5
H_true=2
p_true=2
active_features=[0, 3]
flow_depth=4
warmup_epochs=500
total_epochs=2000
R_train=100
posterior_draws=5000
seed=123
selection_modes=['unit_group', 'feature_group']
gate_types=['normalized_requ', 'smooth_step']
coupling_types=['affine', 'spline']
conditioner_type=improved_separate_attention
attention_heads=2
spline_bins=8
mcmc_chains=4
mcmc_n=6000
mcmc_burnin=1000
sigma2=1.0
target_signal_sd=1.5
split_rule=seed+1000 permutation; 60/20/20
learning_rate=0.0003
teacher_units= [{'teacher_unit': 0, 'feature': 0, 'slope': 0.8991619427476751, 'breakpoint': 0.02917629811970296, 'bias': 0.026234216899497453, 'amplitude': 1.304111635749464}, {'teacher_unit': 1, 'feature': 3, 'slope': -0.8791576554882636, 'breakpoint': -0.07138863699164437, 'bias': 0.0627618667260768, 'amplitude': 1.9100310714550084}]
snr=2.250000; split_sizes=144/48/48

=== MCMC unit / hard ===
--- MCMC chain 1/4; seed=1123 ---
chain=1 mcmc_iter=00001 loglik=-403.978
chain=1 mcmc_iter=00600 loglik=-195.337
chain=1 mcmc_iter=01200 loglik=-190.944
chain=1 mcmc_iter=01800 loglik=-190.688
chain=1 mcmc_iter=02400 loglik=-190.370
chain=1 mcmc_iter=03000 loglik=-190.350
chain=1 mcmc_iter=03600 loglik=-189.337
chain=1 mcmc_iter=04200 loglik=-192.500
chain=1 mcmc_iter=04800 loglik=-188.191
chain=1 mcmc_iter=05400 loglik=-189.806
chain=1 mcmc_iter=06000 loglik=-189.460
--- MCMC chain 2/4; seed=2132 ---
chain=2 mcmc_iter=00001 loglik=-293.496
chain=2 mcmc_iter=00600 loglik=-191.711
chain=2 mcmc_iter=01200 loglik=-190.400
chain=2 mcmc_iter=01800 loglik=-195.125
chain=2 mcmc_iter=02400 loglik=-192.533
chain=2 mcmc_iter=03000 loglik=-195.292
chain=2 mcmc_iter=03600 loglik=-192.416
chain=2 mcmc_iter=04200 loglik=-196.053
chain=2 mcmc_iter=04800 loglik=-187.502
chain=2 mcmc_iter=05400 loglik=-187.200
chain=2 mcmc_iter=06000 loglik=-189.224
--- MCMC chain 3/4; seed=3141 ---
chain=3 mcmc_iter=00001 loglik=-230.978
chain=3 mcmc_iter=00600 loglik=-189.006
chain=3 mcmc_iter=01200 loglik=-187.857
chain=3 mcmc_iter=01800 loglik=-190.046
chain=3 mcmc_iter=02400 loglik=-192.169
chain=3 mcmc_iter=03000 loglik=-189.502
chain=3 mcmc_iter=03600 loglik=-191.260
chain=3 mcmc_iter=04200 loglik=-191.606
chain=3 mcmc_iter=04800 loglik=-191.277
chain=3 mcmc_iter=05400 loglik=-192.627
chain=3 mcmc_iter=06000 loglik=-198.088
--- MCMC chain 4/4; seed=4150 ---
chain=4 mcmc_iter=00001 loglik=-399.807
chain=4 mcmc_iter=00600 loglik=-193.640
chain=4 mcmc_iter=01200 loglik=-195.042
chain=4 mcmc_iter=01800 loglik=-190.421
chain=4 mcmc_iter=02400 loglik=-190.996
chain=4 mcmc_iter=03000 loglik=-192.578
chain=4 mcmc_iter=03600 loglik=-197.323
chain=4 mcmc_iter=04200 loglik=-190.729
chain=4 mcmc_iter=04800 loglik=-191.028
chain=4 mcmc_iter=05400 loglik=-194.354
chain=4 mcmc_iter=06000 loglik=-194.692

=== MCMC unit / normalized_requ ===
--- MCMC chain 1/4; seed=1133 ---
chain=1 mcmc_iter=00001 loglik=-314.978
chain=1 mcmc_iter=00600 loglik=-188.347
chain=1 mcmc_iter=01200 loglik=-190.998
chain=1 mcmc_iter=01800 loglik=-190.473
chain=1 mcmc_iter=02400 loglik=-194.912
chain=1 mcmc_iter=03000 loglik=-192.062
chain=1 mcmc_iter=03600 loglik=-194.688
chain=1 mcmc_iter=04200 loglik=-194.570
chain=1 mcmc_iter=04800 loglik=-198.033
chain=1 mcmc_iter=05400 loglik=-194.576
chain=1 mcmc_iter=06000 loglik=-190.421
--- MCMC chain 2/4; seed=2142 ---
chain=2 mcmc_iter=00001 loglik=-290.544
chain=2 mcmc_iter=00600 loglik=-194.842
chain=2 mcmc_iter=01200 loglik=-187.644
chain=2 mcmc_iter=01800 loglik=-197.992
chain=2 mcmc_iter=02400 loglik=-198.870
chain=2 mcmc_iter=03000 loglik=-188.803
chain=2 mcmc_iter=03600 loglik=-186.998
chain=2 mcmc_iter=04200 loglik=-189.372
chain=2 mcmc_iter=04800 loglik=-189.737
chain=2 mcmc_iter=05400 loglik=-192.942
chain=2 mcmc_iter=06000 loglik=-192.080
--- MCMC chain 3/4; seed=3151 ---
chain=3 mcmc_iter=00001 loglik=-376.197
chain=3 mcmc_iter=00600 loglik=-186.108
chain=3 mcmc_iter=01200 loglik=-190.583
chain=3 mcmc_iter=01800 loglik=-192.027
chain=3 mcmc_iter=02400 loglik=-194.938
chain=3 mcmc_iter=03000 loglik=-190.830
chain=3 mcmc_iter=03600 loglik=-191.129
chain=3 mcmc_iter=04200 loglik=-189.215
chain=3 mcmc_iter=04800 loglik=-193.617
chain=3 mcmc_iter=05400 loglik=-189.529
chain=3 mcmc_iter=06000 loglik=-194.458
--- MCMC chain 4/4; seed=4160 ---
chain=4 mcmc_iter=00001 loglik=-260.079
chain=4 mcmc_iter=00600 loglik=-193.998
chain=4 mcmc_iter=01200 loglik=-189.926
chain=4 mcmc_iter=01800 loglik=-199.240
chain=4 mcmc_iter=02400 loglik=-190.789
chain=4 mcmc_iter=03000 loglik=-192.044
chain=4 mcmc_iter=03600 loglik=-192.590
chain=4 mcmc_iter=04200 loglik=-197.337
chain=4 mcmc_iter=04800 loglik=-193.740
chain=4 mcmc_iter=05400 loglik=-192.327
chain=4 mcmc_iter=06000 loglik=-190.242

=== MCMC unit / smooth_step ===
--- MCMC chain 1/4; seed=1143 ---
chain=1 mcmc_iter=00001 loglik=-354.355
chain=1 mcmc_iter=00600 loglik=-190.247
chain=1 mcmc_iter=01200 loglik=-189.900
chain=1 mcmc_iter=01800 loglik=-191.128
chain=1 mcmc_iter=02400 loglik=-190.202
chain=1 mcmc_iter=03000 loglik=-195.704
chain=1 mcmc_iter=03600 loglik=-190.423
chain=1 mcmc_iter=04200 loglik=-188.139
chain=1 mcmc_iter=04800 loglik=-194.960
chain=1 mcmc_iter=05400 loglik=-189.829
chain=1 mcmc_iter=06000 loglik=-193.490
--- MCMC chain 2/4; seed=2152 ---
chain=2 mcmc_iter=00001 loglik=-388.161
chain=2 mcmc_iter=00600 loglik=-196.346
chain=2 mcmc_iter=01200 loglik=-194.343
chain=2 mcmc_iter=01800 loglik=-197.043
chain=2 mcmc_iter=02400 loglik=-188.572
chain=2 mcmc_iter=03000 loglik=-190.110
chain=2 mcmc_iter=03600 loglik=-191.399
chain=2 mcmc_iter=04200 loglik=-189.486
chain=2 mcmc_iter=04800 loglik=-195.126
chain=2 mcmc_iter=05400 loglik=-194.170
chain=2 mcmc_iter=06000 loglik=-191.625
--- MCMC chain 3/4; seed=3161 ---
chain=3 mcmc_iter=00001 loglik=-344.600
chain=3 mcmc_iter=00600 loglik=-192.965
chain=3 mcmc_iter=01200 loglik=-191.286
chain=3 mcmc_iter=01800 loglik=-190.012
chain=3 mcmc_iter=02400 loglik=-193.153
chain=3 mcmc_iter=03000 loglik=-193.487
chain=3 mcmc_iter=03600 loglik=-196.413
chain=3 mcmc_iter=04200 loglik=-190.788
chain=3 mcmc_iter=04800 loglik=-193.169
chain=3 mcmc_iter=05400 loglik=-189.333
chain=3 mcmc_iter=06000 loglik=-189.243
--- MCMC chain 4/4; seed=4170 ---
chain=4 mcmc_iter=00001 loglik=-314.552
chain=4 mcmc_iter=00600 loglik=-191.916
chain=4 mcmc_iter=01200 loglik=-190.157
chain=4 mcmc_iter=01800 loglik=-195.125
chain=4 mcmc_iter=02400 loglik=-195.085
chain=4 mcmc_iter=03000 loglik=-194.835
chain=4 mcmc_iter=03600 loglik=-189.107
chain=4 mcmc_iter=04200 loglik=-190.699
chain=4 mcmc_iter=04800 loglik=-192.334
chain=4 mcmc_iter=05400 loglik=-195.111
chain=4 mcmc_iter=06000 loglik=-193.671

=== MCMC feature / hard ===
--- MCMC chain 1/4; seed=1223 ---
chain=1 mcmc_iter=00001 loglik=-327.995
chain=1 mcmc_iter=00600 loglik=-189.538
chain=1 mcmc_iter=01200 loglik=-190.195
chain=1 mcmc_iter=01800 loglik=-188.726
chain=1 mcmc_iter=02400 loglik=-194.236
chain=1 mcmc_iter=03000 loglik=-190.648
chain=1 mcmc_iter=03600 loglik=-189.613
chain=1 mcmc_iter=04200 loglik=-191.321
chain=1 mcmc_iter=04800 loglik=-187.182
chain=1 mcmc_iter=05400 loglik=-189.543
chain=1 mcmc_iter=06000 loglik=-189.391
--- MCMC chain 2/4; seed=2232 ---
chain=2 mcmc_iter=00001 loglik=-686.662
chain=2 mcmc_iter=00600 loglik=-194.948
chain=2 mcmc_iter=01200 loglik=-189.658
chain=2 mcmc_iter=01800 loglik=-193.123
chain=2 mcmc_iter=02400 loglik=-189.042
chain=2 mcmc_iter=03000 loglik=-187.016
chain=2 mcmc_iter=03600 loglik=-194.261
chain=2 mcmc_iter=04200 loglik=-193.248
chain=2 mcmc_iter=04800 loglik=-191.752
chain=2 mcmc_iter=05400 loglik=-192.228
chain=2 mcmc_iter=06000 loglik=-186.071
--- MCMC chain 3/4; seed=3241 ---
chain=3 mcmc_iter=00001 loglik=-358.843
chain=3 mcmc_iter=00600 loglik=-191.405
chain=3 mcmc_iter=01200 loglik=-190.472
chain=3 mcmc_iter=01800 loglik=-187.523
chain=3 mcmc_iter=02400 loglik=-192.459
chain=3 mcmc_iter=03000 loglik=-190.377
chain=3 mcmc_iter=03600 loglik=-191.056
chain=3 mcmc_iter=04200 loglik=-191.632
chain=3 mcmc_iter=04800 loglik=-191.566
chain=3 mcmc_iter=05400 loglik=-190.194
chain=3 mcmc_iter=06000 loglik=-187.802
--- MCMC chain 4/4; seed=4250 ---
chain=4 mcmc_iter=00001 loglik=-327.760
chain=4 mcmc_iter=00600 loglik=-189.446
chain=4 mcmc_iter=01200 loglik=-188.245
chain=4 mcmc_iter=01800 loglik=-189.832
chain=4 mcmc_iter=02400 loglik=-190.318
chain=4 mcmc_iter=03000 loglik=-189.866
chain=4 mcmc_iter=03600 loglik=-188.436
chain=4 mcmc_iter=04200 loglik=-192.883
chain=4 mcmc_iter=04800 loglik=-188.708
chain=4 mcmc_iter=05400 loglik=-189.565
chain=4 mcmc_iter=06000 loglik=-190.722

=== MCMC feature / normalized_requ ===
--- MCMC chain 1/4; seed=1233 ---
chain=1 mcmc_iter=00001 loglik=-315.736
chain=1 mcmc_iter=00600 loglik=-190.904
chain=1 mcmc_iter=01200 loglik=-189.738
chain=1 mcmc_iter=01800 loglik=-188.212
chain=1 mcmc_iter=02400 loglik=-188.288
chain=1 mcmc_iter=03000 loglik=-193.567
chain=1 mcmc_iter=03600 loglik=-192.179
chain=1 mcmc_iter=04200 loglik=-190.705
chain=1 mcmc_iter=04800 loglik=-187.801
chain=1 mcmc_iter=05400 loglik=-191.008
chain=1 mcmc_iter=06000 loglik=-191.271
--- MCMC chain 2/4; seed=2242 ---
chain=2 mcmc_iter=00001 loglik=-209.209
chain=2 mcmc_iter=00600 loglik=-190.429
chain=2 mcmc_iter=01200 loglik=-189.291
chain=2 mcmc_iter=01800 loglik=-189.828
chain=2 mcmc_iter=02400 loglik=-188.595
chain=2 mcmc_iter=03000 loglik=-190.651
chain=2 mcmc_iter=03600 loglik=-188.324
chain=2 mcmc_iter=04200 loglik=-193.296
chain=2 mcmc_iter=04800 loglik=-186.848
chain=2 mcmc_iter=05400 loglik=-192.882
chain=2 mcmc_iter=06000 loglik=-193.762
--- MCMC chain 3/4; seed=3251 ---
chain=3 mcmc_iter=00001 loglik=-423.766
chain=3 mcmc_iter=00600 loglik=-189.925
chain=3 mcmc_iter=01200 loglik=-188.954
chain=3 mcmc_iter=01800 loglik=-190.147
chain=3 mcmc_iter=02400 loglik=-188.560
chain=3 mcmc_iter=03000 loglik=-191.924
chain=3 mcmc_iter=03600 loglik=-191.399
chain=3 mcmc_iter=04200 loglik=-188.517
chain=3 mcmc_iter=04800 loglik=-191.294
chain=3 mcmc_iter=05400 loglik=-190.430
chain=3 mcmc_iter=06000 loglik=-189.127
--- MCMC chain 4/4; seed=4260 ---
chain=4 mcmc_iter=00001 loglik=-293.861
chain=4 mcmc_iter=00600 loglik=-187.679
chain=4 mcmc_iter=01200 loglik=-189.803
chain=4 mcmc_iter=01800 loglik=-189.269
chain=4 mcmc_iter=02400 loglik=-186.865
chain=4 mcmc_iter=03000 loglik=-189.602
chain=4 mcmc_iter=03600 loglik=-192.027
chain=4 mcmc_iter=04200 loglik=-191.853
chain=4 mcmc_iter=04800 loglik=-190.821
chain=4 mcmc_iter=05400 loglik=-188.995
chain=4 mcmc_iter=06000 loglik=-190.217

=== MCMC feature / smooth_step ===
--- MCMC chain 1/4; seed=1243 ---
chain=1 mcmc_iter=00001 loglik=-328.575
chain=1 mcmc_iter=00600 loglik=-192.566
chain=1 mcmc_iter=01200 loglik=-192.987
chain=1 mcmc_iter=01800 loglik=-193.870
chain=1 mcmc_iter=02400 loglik=-196.873
chain=1 mcmc_iter=03000 loglik=-189.641
chain=1 mcmc_iter=03600 loglik=-191.187
chain=1 mcmc_iter=04200 loglik=-192.264
chain=1 mcmc_iter=04800 loglik=-189.864
chain=1 mcmc_iter=05400 loglik=-191.515
chain=1 mcmc_iter=06000 loglik=-189.099
--- MCMC chain 2/4; seed=2252 ---
chain=2 mcmc_iter=00001 loglik=-287.113
chain=2 mcmc_iter=00600 loglik=-188.141
chain=2 mcmc_iter=01200 loglik=-189.883
chain=2 mcmc_iter=01800 loglik=-189.860
chain=2 mcmc_iter=02400 loglik=-189.842
chain=2 mcmc_iter=03000 loglik=-189.435
chain=2 mcmc_iter=03600 loglik=-189.846
chain=2 mcmc_iter=04200 loglik=-189.564
chain=2 mcmc_iter=04800 loglik=-188.808
chain=2 mcmc_iter=05400 loglik=-191.126
chain=2 mcmc_iter=06000 loglik=-193.180
--- MCMC chain 3/4; seed=3261 ---
chain=3 mcmc_iter=00001 loglik=-445.606
chain=3 mcmc_iter=00600 loglik=-189.083
chain=3 mcmc_iter=01200 loglik=-194.166
chain=3 mcmc_iter=01800 loglik=-190.457
chain=3 mcmc_iter=02400 loglik=-192.198
chain=3 mcmc_iter=03000 loglik=-187.810
chain=3 mcmc_iter=03600 loglik=-190.437
chain=3 mcmc_iter=04200 loglik=-191.249
chain=3 mcmc_iter=04800 loglik=-196.131
chain=3 mcmc_iter=05400 loglik=-189.462
chain=3 mcmc_iter=06000 loglik=-189.472
--- MCMC chain 4/4; seed=4270 ---
chain=4 mcmc_iter=00001 loglik=-457.770
chain=4 mcmc_iter=00600 loglik=-192.297
chain=4 mcmc_iter=01200 loglik=-190.862
chain=4 mcmc_iter=01800 loglik=-190.479
chain=4 mcmc_iter=02400 loglik=-189.142
chain=4 mcmc_iter=03000 loglik=-189.431
chain=4 mcmc_iter=03600 loglik=-189.085
chain=4 mcmc_iter=04200 loglik=-188.415
chain=4 mcmc_iter=04800 loglik=-192.491
chain=4 mcmc_iter=05400 loglik=-190.170
chain=4 mcmc_iter=06000 loglik=-189.165

=== VI unit / normalized_requ / affine ===
epoch=0001 phase=repr   valR2=-0.9924
epoch=0250 phase=repr   valR2=0.9685
epoch=0500 phase=repr   valR2=0.9719
epoch=0750 phase=select valR2=0.9731 pipTruth=0.3573 activeSKL=3.1267
epoch=1000 phase=select valR2=0.9628 pipTruth=0.0799 activeSKL=3.0303
epoch=1250 phase=select valR2=0.9794 pipTruth=0.0606 activeSKL=1.7655
epoch=1500 phase=select valR2=0.9730 pipTruth=0.0907 activeSKL=2.0486
epoch=1750 phase=select valR2=0.9725 pipTruth=0.1056 activeSKL=1.6129
epoch=2000 phase=select valR2=0.9754 pipTruth=0.1146 activeSKL=1.0829

=== VI unit / normalized_requ / spline ===
epoch=0001 phase=repr   valR2=-0.2994
epoch=0250 phase=repr   valR2=0.9629
epoch=0500 phase=repr   valR2=0.9714
epoch=0750 phase=select valR2=0.9710 pipTruth=0.2182 activeSKL=3.1069
epoch=1000 phase=select valR2=0.9758 pipTruth=0.0705 activeSKL=1.2207
epoch=1250 phase=select valR2=0.9635 pipTruth=0.0996 activeSKL=0.8112
epoch=1500 phase=select valR2=0.9551 pipTruth=0.1438 activeSKL=0.9970
epoch=1750 phase=select valR2=0.9724 pipTruth=0.1424 activeSKL=0.6616
epoch=2000 phase=select valR2=0.9722 pipTruth=0.1887 activeSKL=0.7833

=== VI unit / smooth_step / affine ===
epoch=0001 phase=repr   valR2=-0.9896
epoch=0250 phase=repr   valR2=0.9738
epoch=0500 phase=repr   valR2=0.9823
epoch=0750 phase=select valR2=0.9702 pipTruth=0.6291 activeSKL=2.6132
epoch=1000 phase=select valR2=0.9762 pipTruth=0.5754 activeSKL=2.1447
epoch=1250 phase=select valR2=0.9753 pipTruth=0.4875 activeSKL=2.5151
epoch=1500 phase=select valR2=0.9783 pipTruth=0.0574 activeSKL=1.8180
epoch=1750 phase=select valR2=0.9778 pipTruth=0.0215 activeSKL=2.0241
epoch=2000 phase=select valR2=0.9790 pipTruth=0.0558 activeSKL=1.8643

=== VI unit / smooth_step / spline ===
epoch=0001 phase=repr   valR2=-0.3173
epoch=0250 phase=repr   valR2=0.9736
epoch=0500 phase=repr   valR2=0.9594
epoch=0750 phase=select valR2=0.9702 pipTruth=0.5441 activeSKL=2.3876
epoch=1000 phase=select valR2=0.9748 pipTruth=0.3306 activeSKL=2.2457
epoch=1250 phase=select valR2=0.9768 pipTruth=0.1541 activeSKL=2.3132
epoch=1500 phase=select valR2=0.9776 pipTruth=0.0696 activeSKL=2.3122
epoch=1750 phase=select valR2=0.9675 pipTruth=0.1423 activeSKL=2.0813
epoch=2000 phase=select valR2=0.9767 pipTruth=0.1932 activeSKL=2.0417

=== VI feature / normalized_requ / affine ===
epoch=0001 phase=repr   valR2=-0.7980
epoch=0250 phase=repr   valR2=0.9629
epoch=0500 phase=repr   valR2=0.9737
epoch=0750 phase=select valR2=0.9837 pipTruth=0.0927 activeSKL=0.5051
epoch=1000 phase=select valR2=0.9867 pipTruth=0.0833 activeSKL=0.4404
epoch=1250 phase=select valR2=0.9792 pipTruth=0.0443 activeSKL=0.5017
epoch=1500 phase=select valR2=0.9697 pipTruth=0.0504 activeSKL=0.5244
epoch=1750 phase=select valR2=0.9816 pipTruth=0.0581 activeSKL=0.5301
epoch=2000 phase=select valR2=0.9722 pipTruth=0.0565 activeSKL=0.3903

=== VI feature / normalized_requ / spline ===
epoch=0001 phase=repr   valR2=-0.2714
epoch=0250 phase=repr   valR2=0.9740
epoch=0500 phase=repr   valR2=0.9697
epoch=0750 phase=select valR2=0.9732 pipTruth=0.1718 activeSKL=0.3996
epoch=1000 phase=select valR2=0.9737 pipTruth=0.1433 activeSKL=0.3103
epoch=1250 phase=select valR2=0.9743 pipTruth=0.1052 activeSKL=0.2871
epoch=1500 phase=select valR2=0.9788 pipTruth=0.1275 activeSKL=0.3397
epoch=1750 phase=select valR2=0.9848 pipTruth=0.1173 activeSKL=0.2579
epoch=2000 phase=select valR2=0.9472 pipTruth=0.0693 activeSKL=0.2839

=== VI feature / smooth_step / affine ===
epoch=0001 phase=repr   valR2=-0.9288
epoch=0250 phase=repr   valR2=0.9690
epoch=0500 phase=repr   valR2=0.9736
epoch=0750 phase=select valR2=0.9721 pipTruth=0.0302 activeSKL=0.5820
epoch=1000 phase=select valR2=0.9861 pipTruth=0.0307 activeSKL=0.4393
epoch=1250 phase=select valR2=0.9837 pipTruth=0.0260 activeSKL=0.3908
epoch=1500 phase=select valR2=0.9879 pipTruth=0.0349 activeSKL=0.3274
epoch=1750 phase=select valR2=0.9833 pipTruth=0.0286 activeSKL=0.3630
epoch=2000 phase=select valR2=0.9782 pipTruth=0.0289 activeSKL=0.3162

=== VI feature / smooth_step / spline ===
epoch=0001 phase=repr   valR2=-0.3018
epoch=0250 phase=repr   valR2=0.9694
epoch=0500 phase=repr   valR2=0.9745
epoch=0750 phase=select valR2=0.9882 pipTruth=0.1156 activeSKL=0.3443
epoch=1000 phase=select valR2=0.9873 pipTruth=0.1094 activeSKL=0.3250
epoch=1250 phase=select valR2=0.9873 pipTruth=0.0969 activeSKL=0.2687
epoch=1500 phase=select valR2=0.9864 pipTruth=0.1093 activeSKL=0.2719
epoch=1750 phase=select valR2=0.9835 pipTruth=0.0814 activeSKL=0.2633
epoch=2000 phase=select valR2=0.9881 pipTruth=0.0859 activeSKL=0.2308
joint-active draws: RaT=5000, MCMC=20000
joint-active probability: RaT=1.0000, MCMC=1.0000
joint-density draws used: RaT=2000, MCMC=2000
conditional joint SKL: 3.1144
joint-active draws: RaT=5000, MCMC=20000
joint-active probability: RaT=1.0000, MCMC=1.0000
joint-density draws used: RaT=2000, MCMC=2000
conditional joint SKL: 1.7546
joint-active draws: RaT=4999, MCMC=20000
joint-active probability: RaT=0.9998, MCMC=1.0000
joint-density draws used: RaT=2000, MCMC=2000
conditional joint SKL: 4.6441
joint-active draws: RaT=5000, MCMC=20000
joint-active probability: RaT=1.0000, MCMC=1.0000
joint-density draws used: RaT=2000, MCMC=2000
conditional joint SKL: 4.7668
joint-active draws: RaT=5000, MCMC=20000
joint-active probability: RaT=1.0000, MCMC=1.0000
joint-density draws used: RaT=2000, MCMC=2000
conditional joint SKL: 0.9867
joint-active draws: RaT=5000, MCMC=20000
joint-active probability: RaT=1.0000, MCMC=1.0000
joint-density draws used: RaT=2000, MCMC=2000
conditional joint SKL: 0.6400
joint-active draws: RaT=5000, MCMC=20000
joint-active probability: RaT=1.0000, MCMC=1.0000
joint-density draws used: RaT=2000, MCMC=2000
conditional joint SKL: 0.8139
joint-active draws: RaT=5000, MCMC=20000
joint-active probability: RaT=1.0000, MCMC=1.0000
joint-density draws used: RaT=2000, MCMC=2000
conditional joint SKL: 0.6234

=== compact summary ===
    Selection            Gate Transport  Active SKL  Joint SKL  Zero JS   VI MSE  MCMC MSE    VI R2    Train s  Sample s  Params
feature_group normalized_requ    affine    0.347341   0.898449 0.029910 0.089614  0.047595 0.969041 229.587075  0.274312   58544
feature_group normalized_requ    spline    0.264845   0.569246 0.025520 0.157755  0.047595 0.945501 236.115800  0.376242   64760
feature_group     smooth_step    affine    0.320094   0.724156 0.034202 0.055661  0.041582 0.980771 164.312239  0.245236   58544
feature_group     smooth_step    spline    0.264434   0.538449 0.008385 0.027872  0.041582 0.990371 217.405568  0.397144   64760
   unit_group normalized_requ    affine    1.430981   2.931593 0.157251 0.060640  0.075089 0.979051 217.612438  0.274922   58286
   unit_group normalized_requ    spline    0.677013   1.436282 0.085305 0.061762  0.075089 0.978663 310.368055  0.375321   64502
   unit_group     smooth_step    affine    1.368975   3.609270 0.110425 0.057854  0.070057 0.980013 222.321581  0.318359   58286
   unit_group     smooth_step    spline    2.029745   4.075726 0.051842 0.079275  0.070057 0.972613 329.188609  0.465481   64502

=== automatic summary ===
p=6 bounded transport 自动总结

- function MSE: smooth_step 的跨模式/transport中位数更低（normalized_requ=0.0756878, smooth_step=0.0567571）。
- active marginal SKL: normalized_requ 的跨模式/transport中位数更低（normalized_requ=0.512177, smooth_step=0.844534）。
- joint SKL: normalized_requ 的跨模式/transport中位数更低（normalized_requ=1.16737, smooth_step=2.16671）。
- spline稳定性: active SKL改善3/4，joint SKL改善3/4，function MSE改善1/4；训练时间中位比 spline/affine=1.375。
- spline成本判断: posterior density 的改善较一致，可结合上述时间倍率认为值得保留。
- Unit ranked PIP（VI | matched MCMC）:
  normalized_requ+affine: (1.000,1.000,0.239,0.023,0.001) | (1.000,1.000,0.807,0.469,0.153)
  normalized_requ+spline: (1.000,1.000,0.411,0.091,0.009) | (1.000,1.000,0.807,0.469,0.153)
  smooth_step+affine: (1.000,1.000,0.121,0.013,0.001) | (1.000,1.000,0.722,0.339,0.084)
  smooth_step+spline: (1.000,1.000,0.405,0.076,0.005) | (1.000,1.000,0.722,0.339,0.084)
- Feature selection: x0/x3 PIP范围=1.000–1.000；inactive PIP最大值=0.117；结构选择稳定。
- Attention heads: 两个head的平均绝对权重差为 shift=0.067404, scale/shape=0.0680715；存在可见的不同interaction pattern。不预设head语义。
- Spline numerical check: nonfinite总数=0，最大inverse error=1.15037e-05。
- MCMC diagnostics: threshold最大R-hat=1.0390，active-count最大R-hat=1.0076，predictive最大R-hat=1.0056，predictive最小ESS=1099.5。
- 进入multi-layer阶段的暂定组合: normalized_requ + spline。选择顺序是joint density、active marginal、function recovery、cost，没有构造composite score，也没有使用unit PIP RMSE选冠军。

