device=cpu output=D:\positron\NFlow\results\attention_conditioners

=== shared matched ReQU MCMC ===
mcmc_iter=00001 loglik=-737.164
mcmc_iter=00600 loglik=-140.705
mcmc_iter=01200 loglik=-143.394
mcmc_iter=01800 loglik=-138.309
mcmc_iter=02400 loglik=-141.273
mcmc_iter=03000 loglik=-140.019
mcmc_iter=03600 loglik=-142.122
mcmc_iter=04200 loglik=-139.886
mcmc_iter=04800 loglik=-141.057
mcmc_iter=05400 loglik=-140.603
mcmc_iter=06000 loglik=-139.732

=== VI conditioner: full_attention ===
epoch=0001 phase=repr   valR2=-5.7289
epoch=0250 phase=repr   valR2=0.9782
epoch=0500 phase=repr   valR2=0.9838
epoch=0750 phase=repr   valR2=0.9862
epoch=1000 phase=repr   valR2=0.9836
epoch=1250 phase=select valR2=0.9130 pipTruth=0.1882 activeSKL=4.0847
epoch=1500 phase=select valR2=0.9860 pipTruth=0.1564 activeSKL=2.2558
epoch=1750 phase=select valR2=0.9766 pipTruth=0.1666 activeSKL=2.4049
epoch=2000 phase=select valR2=0.9841 pipTruth=0.1224 activeSKL=1.3725
epoch=2250 phase=select valR2=0.9647 pipTruth=0.1472 activeSKL=1.6246
epoch=2500 phase=select valR2=0.9748 pipTruth=0.1439 activeSKL=1.1313

=== VI conditioner: separate_attention ===
epoch=0001 phase=repr   valR2=-6.2871
epoch=0250 phase=repr   valR2=0.3717
epoch=0500 phase=repr   valR2=0.9830
epoch=0750 phase=repr   valR2=0.9859
epoch=1000 phase=repr   valR2=0.9832
epoch=1250 phase=select valR2=0.9710 pipTruth=0.7186 activeSKL=1.9447
epoch=1500 phase=select valR2=0.9760 pipTruth=0.5801 activeSKL=2.6692
epoch=1750 phase=select valR2=0.9857 pipTruth=0.4547 activeSKL=1.8492
epoch=2000 phase=select valR2=0.9785 pipTruth=0.3657 activeSKL=1.5984
epoch=2250 phase=select valR2=0.9755 pipTruth=0.3181 activeSKL=1.7818
epoch=2500 phase=select valR2=0.9822 pipTruth=0.2814 activeSKL=1.2256

=== VI conditioner: shared_attention ===
epoch=0001 phase=repr   valR2=-6.4823
epoch=0250 phase=repr   valR2=0.3154
epoch=0500 phase=repr   valR2=0.9712
epoch=0750 phase=repr   valR2=0.9827
epoch=1000 phase=repr   valR2=0.9782
epoch=1250 phase=select valR2=0.5605 pipTruth=0.3105 activeSKL=0.9811
epoch=1500 phase=select valR2=0.9685 pipTruth=0.3860 activeSKL=2.0102
epoch=1750 phase=select valR2=0.9691 pipTruth=0.2597 activeSKL=3.4767
epoch=2000 phase=select valR2=0.9780 pipTruth=0.2190 activeSKL=2.0152
epoch=2250 phase=select valR2=0.9820 pipTruth=0.2007 activeSKL=1.6928
epoch=2500 phase=select valR2=0.9778 pipTruth=0.2029 activeSKL=1.3625
joint-active draws: RaT=5000, MCMC=5000
joint-active probability: RaT=1.0000, MCMC=1.0000
conditional joint SKL: 2.4167
joint-active draws: RaT=5000, MCMC=5000
joint-active probability: RaT=1.0000, MCMC=1.0000
conditional joint SKL: 3.2959
joint-active draws: RaT=5000, MCMC=5000
joint-active probability: RaT=1.0000, MCMC=1.0000
conditional joint SKL: 4.1325

=== completed ===
       conditioner                 flow_type  pip_rmse_truth  pip_rmse_mcmc  true_active_skl  true_active_skl_mean  zero_js  zero_js_mean  n_truth_active  n_truth_zero  n_valid_true_active_skl selection_mode reference_compatibility  rmse_with_mcmc  true_skl  conditional_joint_skl  rat_joint_active_draws  mcmc_joint_active_draws  rat_joint_active_prob  mcmc_joint_active_prob  rat_test_signal_r2  rat_test_signal_mse  mcmc_reference_signal_r2  mcmc_reference_mse        elbo  train_time_sec  sec_per_epoch  posterior_sampling_time_sec  posterior_sampling_time_iqr_sec  trainable_params  flow_trainable_params gpu_peak_memory_bytes  mcmc_sampling_time_sec
    full_attention     full_attention_affine        0.139089       0.376019         1.164729              1.164729 0.190086      0.161437               2             3                        2     unit_group                   exact        0.376019  1.164729               2.416657                    5000                     5000                    1.0                     1.0            0.980752             0.048124                   0.97782            0.055455 -162.729370      270.031502       0.108013                     0.366081                         0.007973            165452                 165408                  None               85.880664
separate_attention separate_attention_affine        0.294337       0.232820         1.320843              1.320843 0.051475      0.062390               2             3                        2     unit_group                   exact        0.232820  1.320843               3.295949                    5000                     5000                    1.0                     1.0            0.971416             0.071467                   0.97782            0.055455 -165.151703      128.795253       0.051518                     0.026799                         0.001175             93932                  93888                  None               85.880664
  shared_attention   shared_attention_affine        0.200264       0.322873         1.660778              1.660778 0.120648      0.120230               2             3                        2     unit_group                   exact        0.322873  1.660778               4.132461                    5000                     5000                    1.0                     1.0            0.977789             0.055532                   0.97782            0.055455 -165.968521       89.202792       0.035681                     0.019326                         0.000255             61164                  61120                  None               85.880664
